  skip VRT: Unexpected end of stream
  skip USO: Corrupt snappy compressed data.
  skip VRT: Unexpected end of stream
candidates: 707 (model x symbol), cost 10 bps, next-open, long-only

## breakouts  (105 candidates, 76 eligible in-sample; 15 symbols, 7 models)
| Row | Model / symbol | IS Sharpe 2011-20 | OOS CAGR 2021-26/06 | OOS Sharpe | OOS maxDD | Hold symbol OOS | OOS in market |
|---|---|---:|---:|---:|---:|---:|---:|
| **Current live pick** | turtle_ma_exit / TRGP | 0.74 | +26.6% | 1.13 | -27.1% | +53.4% | 51% |
| Selected on 2011-20 | turtle_ma_exit / SHOP | 1.07 | +10.5% | 0.49 | -30.2% | +0.6% | 32% |
|   runner-up 1 | donchian_55_20 / SHOP | 1.07 | +6.4% | 0.36 | -41.1% | +0.6% | 33% |
|   runner-up 2 | donchian_breakout / ARKK | 1.05 | -3.4% | 0.03 | -62.8% | -8.2% | 52% |
| Best full-sample (in-sample!) | donchian_breakout / RKLB | full Sharpe 1.27 | full CAGR +81.2% | | | | |

  top-5 by IS Sharpe: median OOS CAGR +6.4%, median OOS Sharpe 0.36; all eligible: median OOS Sharpe 0.38
  rank correlation IS Sharpe -> OOS Sharpe across eligible: +0.02
  not selectable (< 5y before 2021): CRWD, RKLB, XLC, ZS

## mean_reversion  (306 candidates, 230 eligible in-sample; 34 symbols, 9 models)
| Row | Model / symbol | IS Sharpe 2011-20 | OOS CAGR 2021-26/06 | OOS Sharpe | OOS maxDD | Hold symbol OOS | OOS in market |
|---|---|---:|---:|---:|---:|---:|---:|
| **Current live pick** | rsi_exhaustion / SNOW | 1.78 | +12.9% | 0.60 | -27.1% | -2.2% | 11% |
| Selected on 2011-20 | rsi_reversion_ma_filter / ITB | 0.80 | +2.5% | 0.44 | -10.5% | +12.3% | 4% |
|   runner-up 1 | bollinger_reversion_long_only / LITE | 0.79 | +19.9% | 0.92 | -20.7% | +48.4% | 16% |
|   runner-up 2 | rsi_exhaustion / QQQ | 0.78 | +5.2% | 0.68 | -9.2% | +16.2% | 4% |
| Best full-sample (in-sample!) | atr_extension / DDOG | full Sharpe 0.94 | full CAGR +26.9% | | | | |

  top-5 by IS Sharpe: median OOS CAGR +3.3%, median OOS Sharpe 0.46; all eligible: median OOS Sharpe 0.41
  rank correlation IS Sharpe -> OOS Sharpe across eligible: +0.29
  not selectable (< 5y before 2021): ABNB, DDOG, DV, PCOR, PLTR, SNOW, XLC

## pullback_continuation  (170 candidates, 145 eligible in-sample; 34 symbols, 5 models)
| Row | Model / symbol | IS Sharpe 2011-20 | OOS CAGR 2021-26/06 | OOS Sharpe | OOS maxDD | Hold symbol OOS | OOS in market |
|---|---|---:|---:|---:|---:|---:|---:|
| **Current live pick** | rsi_pullback / WFRD |  | +7.9% | 0.87 | -10.0% | +63.1% | 3% |
| Selected on 2011-20 | rsi_pullback_50_200 / LITE | 0.94 | +0.4% | 0.11 | -22.2% | +48.4% | 6% |
|   runner-up 1 | rsi_pullback_continuation / SMH | 0.76 | +12.6% | 0.75 | -21.2% | +37.1% | 21% |
|   runner-up 2 | rsi_pullback_continuation / XLK | 0.75 | +5.6% | 0.48 | -14.9% | +20.9% | 24% |
| Best full-sample (in-sample!) | rsi_pullback_continuation / CTVA | full Sharpe 1.22 | full CAGR +17.5% | | | | |

  top-5 by IS Sharpe: median OOS CAGR +0.4%, median OOS Sharpe 0.11; all eligible: median OOS Sharpe 0.16
  rank correlation IS Sharpe -> OOS Sharpe across eligible: +0.17
  not selectable (< 5y before 2021): CTVA, EXE, PLTR, WFRD, XLC

## trend_following  (126 candidates, 80 eligible in-sample; 21 symbols, 6 models)
| Row | Model / symbol | IS Sharpe 2011-20 | OOS CAGR 2021-26/06 | OOS Sharpe | OOS maxDD | Hold symbol OOS | OOS in market |
|---|---|---:|---:|---:|---:|---:|---:|
| **Current live pick** | ma_trend_long_only / XLK | 0.73 | +20.0% | 1.07 | -20.2% | +20.9% | 78% |
| Selected on 2011-20 | ma_trend_long_only / SHOP | 1.24 | +10.1% | 0.44 | -45.6% | +0.6% | 65% |
|   runner-up 1 | chandelier_trend / SHOP | 1.17 | -10.9% | -0.18 | -61.6% | +0.6% | 38% |
|   runner-up 2 | channel_breakout / SHOP | 1.10 | +11.3% | 0.47 | -39.8% | +0.6% | 56% |
| Best full-sample (in-sample!) | ma_trend / FRHC | full Sharpe 1.28 | full CAGR +37.2% | | | | |

  top-5 by IS Sharpe: median OOS CAGR +10.1%, median OOS Sharpe 0.44; all eligible: median OOS Sharpe 0.34
  rank correlation IS Sharpe -> OOS Sharpe across eligible: +0.16
  not selectable (< 5y before 2021): APP, CRWD, FRHC, PLTR, XLC

