
### 2011-2015
| Portfolio | CAGR | Vol | Sharpe | Max DD |
|---|---:|---:|---:|---:|
| **Baseline (honest fund B)** | +5.5% | 7.3% | 0.77 | -8.5% |
| Timing sleeves -> holds | +6.3% | 7.8% | 0.83 | -8.4% |
| Timing sleeves -> holds, no-edge 32.5% -> 60/40 | +9.5% | 10.3% | 0.93 | -10.1% |
| 60/40 SPY/IEF | +9.7% | 8.3% | 1.16 | -8.6% |

### 2016-2020
| Portfolio | CAGR | Vol | Sharpe | Max DD |
|---|---:|---:|---:|---:|
| **Baseline (honest fund B)** | +8.0% | 8.2% | 0.97 | -15.0% |
| Timing sleeves -> holds | +9.3% | 8.8% | 1.06 | -16.3% |
| Timing sleeves -> holds, no-edge 32.5% -> 60/40 | +12.6% | 12.0% | 1.06 | -22.0% |
| 60/40 SPY/IEF | +11.4% | 10.6% | 1.07 | -19.1% |

### 2021-2026/06
| Portfolio | CAGR | Vol | Sharpe | Max DD |
|---|---:|---:|---:|---:|
| **Baseline (honest fund B)** | +10.3% | 8.4% | 1.21 | -7.6% |
| Timing sleeves -> holds | +11.4% | 8.2% | 1.35 | -8.1% |
| Timing sleeves -> holds, no-edge 32.5% -> 60/40 | +12.9% | 11.3% | 1.13 | -12.4% |
| 60/40 SPY/IEF | +8.2% | 10.8% | 0.79 | -21.0% |

### 2011-2026/06
| Portfolio | CAGR | Vol | Sharpe | Max DD |
|---|---:|---:|---:|---:|
| **Baseline (honest fund B)** | +8.0% | 8.0% | 1.00 | -15.0% |
| Timing sleeves -> holds | +9.1% | 8.3% | 1.09 | -16.3% |
| Timing sleeves -> holds, no-edge 32.5% -> 60/40 | +11.7% | 11.2% | 1.05 | -22.0% |
| 60/40 SPY/IEF | +9.7% | 10.0% | 0.98 | -21.0% |
