GATE Faber TREND10-EW-U5: CAGR +5.16% (want +5.2%), DD -14.99% (want -15.0%), Sharpe 0.66 (want 0.66) PASS
GATE BASELINE8: CAGR +7.07% (want +7.1%), DD -14.96% (want -15.0%) PASS

### Full sample 2008-01..2026-06, top 15 by return at -15% (IN-SAMPLE)
| Candidate | Tag | At -15% | Exposure | CAGR | Max DD | Sharpe |
|---|---|---:|---:|---:|---:|---:|
| DUALMOM6-K4-U8 | engine-change | +11.0% | 1.00 | +11.0% | -14.6% | 0.92 |
| DUALMOM6-K4-U12 | engine-change | +9.6% | 0.90 | +10.4% | -16.6% | 0.81 |
| DUALMOM6-K3-U8 | engine-change | +9.4% | 0.87 | +10.5% | -17.4% | 0.81 |
| DUALMOMblend-K4-U8 | engine-change | +9.3% | 0.87 | +10.4% | -17.2% | 0.85 |
| DUALMOMblend-K3-U8 | engine-change | +8.6% | 0.79 | +10.5% | -19.0% | 0.79 |
| DUALMOMblend-K4-U12 | engine-change | +8.3% | 0.80 | +9.8% | -18.5% | 0.77 |
| DUALMOMblend-K2-U8 | engine-change | +7.9% | 0.67 | +10.7% | -21.8% | 0.73 |
| DUALMOMblend-K3-U12 | engine-change | +7.4% | 0.72 | +9.6% | -20.5% | 0.71 |
| DUALMOM12-K4-U8 | engine-change | +7.4% | 0.79 | +8.8% | -20.0% | 0.73 |
| DUALMOM3-K2-U8 | engine-change | +7.3% | 0.55 | +11.8% | -26.4% | 0.80 |
| DUALMOM3-K4-U8 | engine-change | +7.2% | 0.63 | +10.3% | -23.1% | 0.84 |
| DUALMOM3-K3-U8 | engine-change | +7.1% | 0.54 | +11.7% | -26.7% | 0.88 |
| BASELINE8 | live-ready | +7.1% | 1.00 | +7.1% | -15.0% | 0.90 |
| TREND6-EW-U8 | small-build | +7.0% | 1.00 | +7.0% | -9.6% | 0.90 |
| DUALMOM6-K3-U12 | engine-change | +7.0% | 0.66 | +9.6% | -23.6% | 0.70 |

### Reference rows (same window)
| Candidate | Tag | At -15% | Exposure | CAGR | Max DD | Sharpe |
|---|---|---:|---:|---:|---:|---:|
| BASELINE8 | live-ready | +7.1% | 1.00 | +7.1% | -15.0% | 0.90 |
| TRIMMED | live-ready | +5.6% | 1.00 | +5.6% | -11.5% | 0.88 |
| C1 | live-ready | +6.5% | 0.78 | +7.9% | -19.0% | 0.94 |
| C3 | live-ready | +6.6% | 0.80 | +7.9% | -18.6% | 0.93 |
| SIXTY40 | live-ready | +4.8% | 0.47 | +8.5% | -30.8% | 0.77 |
| ALLWEATHER | live-ready | +4.6% | 0.64 | +6.3% | -23.0% | 0.76 |
| SPY | live-ready | +4.2% | 0.26 | +11.1% | -51.9% | 0.63 |
| PAA-U12 | engine-change | +5.3% | 0.71 | +6.8% | -22.5% | 0.75 |
| TREND10-EW-U5 | small-build | +4.8% | 1.00 | +4.8% | -15.0% | 0.62 |

Best deployable (live-ready/small-build): BASELINE8 +7.07%; best overall: DUALMOM6-K4-U8 +10.98%

### Forward walk-forward picks (trained on 2007-07..prior year)
| Year | Pick (all) | k | Pick (deployable) | k |
|---|---|---:|---|---:|
| 2012 | DUALMOM3-K3-U8 | 0.93 | TSMOM3-EW-U8 | 1.00 |
| 2013 | DUALMOM3-K3-U8 | 0.93 | TSMOM3-EW-U8 | 1.00 |
| 2014 | DUALMOM3-K3-U8 | 0.93 | TSMOM3-EW-U8 | 1.00 |
| 2015 | DUALMOM3-K3-U8 | 0.93 | TSMOM3-EW-U8 | 1.00 |
| 2016 | DUALMOM3-K4-U8 | 0.99 | TSMOM3-EW-U8 | 1.00 |
| 2017 | DUALMOM6-K4-U8 | 1.00 | TREND6-EW-U8 | 1.00 |
| 2018 | DUALMOM6-K4-U8 | 1.00 | TREND6-EW-U8 | 1.00 |
| 2019 | DUALMOM6-K4-U8 | 1.00 | TREND6-EW-U8 | 1.00 |
| 2020 | DUALMOM6-K4-U8 | 1.00 | ALLWEATHER | 0.89 |
| 2021 | DUALMOM6-K4-U8 | 1.00 | ALLWEATHER | 0.89 |
| 2022 | DUALMOM6-K4-U8 | 1.00 | ALLWEATHER | 0.89 |
| 2023 | DUALMOM6-K4-U8 | 1.00 | TREND6-EW-U8 | 1.00 |
| 2024 | DUALMOM6-K4-U8 | 1.00 | BASELINE8 | 1.00 |
| 2025 | DUALMOM6-K4-U8 | 1.00 | BASELINE8 | 1.00 |
| 2026 | DUALMOM6-K4-U8 | 1.00 | TREND6-EW-U8 | 1.00 |

### Forward walk-forward, stitched out-of-sample 2012-01..2026-06
| Track | CAGR | Max DD | Sharpe |
|---|---:|---:|---:|
| WF-all | +9.7% | -25.7% | 0.85 |
| WF-deployable | +4.8% | -20.6% | 0.64 |
| **BASELINE8** | +8.9% | -15.0% | 1.10 |
| C1 | +7.5% | -11.3% | 1.28 |
| SIXTY40 | +5.5% | -9.8% | 1.19 |
  worst drawdown WF-all: -25.7% from 2015-01-26 to 2016-06-27 (holding DUALMOM3-K4-U8)
  worst drawdown WF-deployable: -20.6% from 2021-12-27 to 2022-10-20 (holding ALLWEATHER)
  worst drawdown BASELINE8: -15.0% from 2020-02-19 to 2020-03-18 (holding BASELINE8)
  worst drawdown C1: -11.3% from 2020-02-19 to 2020-03-23 (holding C1)
  worst drawdown SIXTY40: -9.8% from 2021-12-27 to 2022-10-14 (holding SIXTY40)

### Reverse crash test: picked on 2011-01..2026-06 (k fitted there), run on 2008-01..2010-12
| Candidate | Why | k | CAGR 2008-10 | Max DD 2008-10 |
|---|---|---:|---:|---:|
| DUALMOM6-K4-U8 | pick (all) | 1.00 | +8.4% | -13.1% |
| C1 | pick (deployable) | 0.98 | +1.8% | -18.7% |
| **BASELINE8** | reference | 1.00 | +1.7% | -12.5% |
| C1 | reference | 0.98 | +1.8% | -18.7% |
| SIXTY40 | reference | 0.71 | +2.1% | -22.4% |
| SPY | reference | 0.41 | +0.3% | -23.9% |

PBO (Sharpe-based, 252 of 252 splits): 0.52  (0.5 = selection no better than chance; general gauge, not the drawdown-capped objective)
Sharpe-best candidate TREND6-IV-U8 (Sharpe 1.00): deflated-Sharpe probability 1.00 with n=96, 0.99 with n=809 (>= 0.95 = significant)
Excess-of-T-bills: best DUALMOM6-K4-U8 (Sharpe 0.80): deflated-Sharpe probability 0.99 with n=96, 0.97 with n=809

### Universe: same family and parameters, full-sample return at -15%
| Comparison | Pairs | First wins | Median difference |
|---|---:|---:|---:|
| U12 vs U8 | 28 | 4% | -0.80% |
| U12 vs U5 | 28 | 93% | +1.17% |
| U8 vs U5 | 28 | 96% | +1.96% |

Best per family (full sample, at -15%): dualmom +11.0%, meridian +7.1%, trend +7.0%, tsmom +6.8%, blend +6.2%, hold +5.5%, paa +5.3%, static +4.8%

### Decisions (plan rules)
Near-tie set (deployable within 0.5%/yr of +7.07%): TREND6-EW-U8, TSMOM3-EW-U8, TSMOM12-EW-U8, BASELINE8, C3
RECOMMENDATION: TREND6-EW-U8 (tag small-build, +7.02%/yr at -15% in-sample); reverse-crash DD with k fitted on 2011-26 = -7.4%
Overall best (any tag): DUALMOM6-K4-U8 (engine-change) +10.98%
SELECTION ADDS VALUE: NO (WF-all +9.67%/-25.7% vs BASELINE8 +8.89%/-15.0%; reverse pick DD -13.1% vs BASELINE8 -12.5%)
EXPAND UNIVERSE TO U12: NO (U12 beats U8 in 4% of pairs; reverse pick DUALMOM6-K4-U8 [U8]; U12 forward picks 0/15)
final run logged in research/plans/ledger.jsonl
