C1 switch preview as of 2026-09-27 - account equity $9,969.18 (read-only; simulated fills)

| Symbol | Order (shares) | ~$ | Held before | Held after |
|---|---:|---:|---:|---:|
| AAPL | -0.9067 | -309 | 0.9067 | 0.0000 |
| AVGO | -0.0519 | -18 | 0.0519 | 0.0000 |
| IEF | +17.2799 | +1,555 | 0.0000 | 17.2799 |
| LLY | +0.0000 | +0 | 0.0000 | 0.0000 |
| META | -0.4035 | -303 | 0.4035 | 0.0000 |
| MSFT | -0.6021 | -311 | 0.6021 | 0.0000 |
| QQQ | -0.9566 | -712 | 3.5677 | 2.6111 |
| SGOV | +41.1008 | +4,137 | 0.0000 | 41.1008 |
| SPY | +3.0243 | +2,333 | 0.0000 | 3.0243 |
| UNH | -0.7630 | -287 | 0.7630 | 0.0000 |
| XLE | -3.9930 | -248 | 3.9930 | 0.0000 |
| XLF | -4.3108 | -236 | 4.3108 | 0.0000 |
| XLK | -5.2956 | -1,039 | 5.2956 | 0.0000 |
| XLV | -1.5002 | -256 | 1.5002 | 0.0000 |

After the switch: invested $10,272 of $9,969 (103%); simulated cash $-274
  SGOV  $    4,137  41.5%
  SPY   $    2,333  23.4%
  QQQ   $    1,944  19.5%
  IEF   $    1,555  15.6%
  NVDA  $      302   3.0%
  skipped sell: LLY -0.2534 — the broker holds none
