Core (trend 6) switch preview as of 2026-09-28 - account equity $9,960.16 (read-only; simulated fills)

| Symbol | Order (shares) | ~$ | Held before | Held after |
|---|---:|---:|---:|---:|
| AAPL | -0.9067 | -309 | 0.9067 | 0.0000 |
| AVGO | -0.0519 | -18 | 0.0519 | 0.0000 |
| EEM | +18.5518 | +1,245 | 0.0000 | 18.5518 |
| EFA | +11.8506 | +1,245 | 0.0000 | 11.8506 |
| GLD | +3.2879 | +1,245 | 0.0000 | 3.2879 |
| IWM | +4.4482 | +1,245 | 0.0000 | 4.4482 |
| LLY | -0.2534 | -302 | 0.2534 | 0.0000 |
| META | -0.4035 | -291 | 0.4035 | 0.0000 |
| MSFT | -0.6021 | -308 | 0.6021 | 0.0000 |
| QQQ | -1.8797 | -1,386 | 3.5677 | 1.6880 |
| SGOV | +24.7358 | +2,490 | 0.0000 | 24.7358 |
| SPY | +1.6234 | +1,245 | 0.0000 | 1.6234 |
| UNH | -0.7630 | -287 | 0.7630 | 0.0000 |
| XLE | -3.9930 | -249 | 3.9930 | 0.0000 |
| XLF | -4.3108 | -234 | 4.3108 | 0.0000 |
| XLK | -5.2956 | -1,032 | 5.2956 | 0.0000 |
| XLV | -1.5002 | -257 | 1.5002 | 0.0000 |

After the switch: invested $9,960 of $9,960 (100%); simulated cash $0
  SGOV  $    2,490  25.0%
  SPY   $    1,245  12.5%
  EFA   $    1,245  12.5%
  EEM   $    1,245  12.5%
  IWM   $    1,245  12.5%
  GLD   $    1,245  12.5%
  QQQ   $    1,245  12.5%
