plan structure-2008-check fingerprint 750ed8e75f1c, final run logged; window 2008-01-01..2026-06-26

### Unscaled, 2008-01..2026-06
| Portfolio | CAGR | Vol | Sharpe | Max DD |
|---|---:|---:|---:|---:|
| **Baseline (8 sleeves, honest)** | +7.1% | 8.0% | 0.90 | -15.0% |
| C1 core | +7.9% | 8.4% | 0.94 | -19.0% |
| C3 (post-hoc holds) | +7.9% | 8.5% | 0.93 | -18.6% |
| SPY | +11.1% | 19.8% | 0.63 | -51.9% |
| 60/40 SPY/IEF | +8.5% | 11.4% | 0.77 | -30.8% |

### By period: CAGR / max DD
| Portfolio | 2008-10 | 2011-15 | 2016-20 | 2021-26/06 |
|---|---:|---:|---:|---:|
| Baseline (8 sleeves, honest) | +1.7% / -12.5% | +5.5% / -8.5% | +8.1% / -15.0% | +10.6% / -7.6% |
| C1 core | +1.9% / -19.0% | +7.0% / -6.9% | +10.0% / -15.2% | +10.2% / -9.1% |
| C3 (post-hoc holds) | +1.8% / -18.6% | +6.3% / -8.4% | +9.4% / -16.3% | +11.5% / -8.1% |
| SPY | -2.8% / -51.9% | +12.4% / -18.6% | +15.1% / -33.7% | +14.6% / -24.5% |
| 60/40 SPY/IEF | +2.3% / -30.8% | +9.7% / -8.6% | +11.4% / -19.1% | +8.2% / -21.0% |

### Matched -15% worst drawdown, 2008-01..2026-06 (k = exposure; >1 is margin)
| Portfolio | k | CAGR (borrow +1.5%) | k | CAGR (borrow +3.0%) |
|---|---:|---:|---:|---:|
| Baseline (8 sleeves, honest) | 1.00 | +7.1% | 1.00 | +7.1% |
| C1 core | 0.78 | +6.5% | 0.78 | +6.5% |
| C3 (post-hoc holds) | 0.80 | +6.6% | 0.80 | +6.6% |
| SPY | 0.26 | +4.2% | 0.26 | +4.2% |
| 60/40 SPY/IEF | 0.47 | +4.8% | 0.47 | +4.8% |

DECISION (plan rule): C1 minus baseline at -15% = -0.59%/yr -> REOPEN
alpha vs baseline (NW, unscaled): C1 +1.15% (t +1.58), C3 +0.96% (t +1.48)

### Each timed sleeve vs holding its own instruments, 2008-01..2010-12 (CAGR / max DD)
| Sleeve | Timed (idle in T-bills) | Held |
|---|---:|---:|
| long_term_etf | +0.3% / -28.5% | +6.1% / -24.3% |
| momentum | +6.0% / -18.2% | +5.7% / -34.8% |
| sector_rotation | -4.1% / -50.6% | -0.4% / -50.9% |
| trend_following | +5.3% / -21.4% | -2.8% / -51.9% |
